Γû▓ Next.js 16.1.6 (Turbopack)
- Environments: .env.local, .env

node.exe : ΓÜá The "middleware" file convention is 
deprecated. Please use "proxy" instead. Learn more: 
https://nextjs.org/docs/messages/middleware-to-proxy
At line:1 char:1
+ & "C:\Program Files\nodejs/node.exe" "C:\Program 
Files\nodejs/node_mo ...
+ ~~~~~~~~~~~~~~~~~~~~~~~~~~~~~~~~~~~~~~~~~~~~~~~~~~~~
~~~~~~~~~~~~~~~~~
    + CategoryInfo          : NotSpecified: (ΓÜá The  
   "middle...leware-to-proxy:String) [], RemoteExcep  
  tion
    + FullyQualifiedErrorId : NativeCommandError
 
  Creating an optimized production build ...

> Build error occurred
Error: Turbopack build failed with 2 errors:
./src/app/admin-dashboard/students/[id]/page.tsx:4:1
Module not found: Can't resolve 
'@/app/components/Sidebar'
[0m [90m 2 |[39m [36mimport[39m { 
useEffect[33m,[39m useState[33m,[39m useMemo } 
[36mfrom[39m [32m'react'[39m[33m;[39m
 [90m 3 |[39m [36mimport[39m { 
useParams[33m,[39m useRouter } [36mfrom[39m 
[32m'next/navigation'[39m[33m;[39m
[31m[1m>[22m[39m[90m 4 |[39m [36mimport[39m 
[33mSidebar[39m [36mfrom[39m 
[32m'@/app/components/Sidebar'[39m[33m;[39m
 [90m   |[39m [31m[1m^[22m[39m[31m[1m^[22m[3
9m[31m[1m^[22m[39m[31m[1m^[22m[39m[31m[1m^[
22m[39m[31m[1m^[22m[39m[31m[1m^[22m[39m[31m
[1m^[22m[39m[31m[1m^[22m[39m[31m[1m^[22m[39m
[31m[1m^[22m[39m[31m[1m^[22m[39m[31m[1m^[22
m[39m[31m[1m^[22m[39m[31m[1m^[22m[39m[31m[1
m^[22m[39m[31m[1m^[22m[39m[31m[1m^[22m[39m[
31m[1m^[22m[39m[31m[1m^[22m[39m[31m[1m^[22m
[39m[31m[1m^[22m[39m[31m[1m^[22m[39m[31m[1m^
[22m[39m[31m[1m^[22m[39m[31m[1m^[22m[39m[31
m[1m^[22m[39m[31m[1m^[22m[39m[31m[1m^[22m[3
9m[31m[1m^[22m[39m[31m[1m^[22m[39m[31m[1m^[
22m[39m[31m[1m^[22m[39m[31m[1m^[22m[39m[31m
[1m^[22m[39m[31m[1m^[22m[39m[31m[1m^[22m[39m
[31m[1m^[22m[39m[31m[1m^[22m[39m[31m[1m^[22
m[39m[31m[1m^[22m[39m[31m[1m^[22m[39m[31m[1
m^[22m[39m[31m[1m^[22m[39m[31m[1m^[22m[39m[
31m[1m^[22m[39m[31m[1m^[22m[39m
 [90m 5 |[39m [36mimport[39m api [36mfrom[39m 
[32m'@/app/utils/api'[39m[33m;[39m
 [90m 6 |[39m [36mimport[39m { 
 [90m 7 |[39m     [33mUser[39m[33m,[39m [0m

Import map: aliased to relative 
'./src/app/components/Sidebar' inside of [project]/


Import traces:
  Client Component Browser:
    ./src/app/admin-dashboard/students/[id]/page.tsx 
[Client Component Browser]
    ./src/app/admin-dashboard/students/[id]/page.tsx 
[Server Component]

  Client Component SSR:
    ./src/app/admin-dashboard/students/[id]/page.tsx 
[Client Component SSR]
    ./src/app/admin-dashboard/students/[id]/page.tsx 
[Server Component]

https://nextjs.org/docs/messages/module-not-found


./src/app/admin-dashboard/students/[id]/page.tsx:5:1
Module not found: Can't resolve '@/app/utils/api'
[0m [90m 3 |[39m [36mimport[39m { 
useParams[33m,[39m useRouter } [36mfrom[39m 
[32m'next/navigation'[39m[33m;[39m
 [90m 4 |[39m [36mimport[39m [33mSidebar[39m 
[36mfrom[39m 
[32m'@/app/components/Sidebar'[39m[33m;[39m
[31m[1m>[22m[39m[90m 5 |[39m [36mimport[39m 
api [36mfrom[39m 
[32m'@/app/utils/api'[39m[33m;[39m
 [90m   |[39m [31m[1m^[22m[39m[31m[1m^[22m[3
9m[31m[1m^[22m[39m[31m[1m^[22m[39m[31m[1m^[
22m[39m[31m[1m^[22m[39m[31m[1m^[22m[39m[31m
[1m^[22m[39m[31m[1m^[22m[39m[31m[1m^[22m[39m
[31m[1m^[22m[39m[31m[1m^[22m[39m[31m[1m^[22
m[39m[31m[1m^[22m[39m[31m[1m^[22m[39m[31m[1
m^[22m[39m[31m[1m^[22m[39m[31m[1m^[22m[39m[
31m[1m^[22m[39m[31m[1m^[22m[39m[31m[1m^[22m
[39m[31m[1m^[22m[39m[31m[1m^[22m[39m[31m[1m^
[22m[39m[31m[1m^[22m[39m[31m[1m^[22m[39m[31
m[1m^[22m[39m[31m[1m^[22m[39m[31m[1m^[22m[3
9m[31m[1m^[22m[39m[31m[1m^[22m[39m[31m[1m^[
22m[39m[31m[1m^[22m[39m[31m[1m^[22m[39m
 [90m 6 |[39m [36mimport[39m { 
 [90m 7 |[39m     [33mUser[39m[33m,[39m 
 [90m 8 |[39m     [33mIndianRupee[39m[33m,[39m 
[0m

Import map: aliased to relative './src/app/utils/api' 
inside of [project]/


Import traces:
  Client Component Browser:
    ./src/app/admin-dashboard/students/[id]/page.tsx 
[Client Component Browser]
    ./src/app/admin-dashboard/students/[id]/page.tsx 
[Server Component]

  Client Component SSR:
    ./src/app/admin-dashboard/students/[id]/page.tsx 
[Client Component SSR]
    ./src/app/admin-dashboard/students/[id]/page.tsx 
[Server Component]

https://nextjs.org/docs/messages/module-not-found


    at <unknown> 
(./src/app/admin-dashboard/students/[id]/page.tsx:4:1)
    at <unknown> 
(https://nextjs.org/docs/messages/module-not-found)
    at <unknown> 
(./src/app/admin-dashboard/students/[id]/page.tsx:5:1)
    at <unknown> 
(https://nextjs.org/docs/messages/module-not-found)
